$ git branches
git: 'branches' is not a git command. See 'git --help'.
$ git branch
* master
  moma
  whitney
$ git branch -d moma whitney
error: The branch 'moma' is not fully merged.
If you are sure you want to delete it, run 'git branch -D moma'.
error: The branch 'whitney' is not fully merged.
If you are sure you want to delete it, run 'git branch -D whitney'.
$ git branch -D moma whitney
Deleted branch moma (was 978e5a1).
Deleted branch whitney (was 9b384f9).
$ git branch checkout -b unordered-list
error: unknown switch `b'
usage: git branch [<options>] [-r | -a] [--merged | --no-merged]
   or: git branch [<options>] [-l] [-f] <branch-name> [<start-point>]
   or: git branch [<options>] [-r] (-d | -D) <branch-name>...
   or: git branch [<options>] (-m | -M) [<old-branch>] <new-branch>
   or: git branch [<options>] [-r | -a] [--points-at]

Generic options
    -v, --verbose         show hash and subject, give twice for upstream branch
    -q, --quiet           suppress informational messages
    -t, --track           set up tracking mode (see git-pull(1))
    --set-upstream        change upstream info
    -u, --set-upstream-to <upstream>
                          change the upstream info
    --unset-upstream      Unset the upstream info
    --color[=<when>]      use colored output
    -r, --remotes         act on remote-tracking branches
    --contains <commit>   print only branches that contain the commit
    --abbrev[=<n>]        use <n> digits to display SHA-1s

Specific git-branch actions:
    -a, --all             list both remote-tracking and local branches
    -d, --delete          delete fully merged branch
    -D                    delete branch (even if not merged)
    -m, --move            move/rename a branch and its reflog
    -M                    move/rename a branch, even if target exists
    --list                list branch names
    -l, --create-reflog   create the branch's reflog
    --edit-description    edit the description for the branch
    -f, --force           force creation, move/rename, deletion
    --merged <commit>     print only branches that are merged
    --no-merged <commit>  print only branches that are not merged
    --column[=<style>]    list branches in columns
    --sort <key>          field name to sort on
    --points-at <object>  print only branches of the object

$ git checkout -b unordered-list
Switched to a new branch 'unordered-list'
$ git add index.html 
$ git commit -m "paragraph to list"
[unordered-list a9f9b14] paragraph to list
 1 file changed, 6 insertions(+), 2 deletions(-)
$ git checkout master
Switched to branch 'master'
$ git merge unordered-list
Updating 1481f5a..a9f9b14
Fast-forward
 index.html | 8 ++++++--
 1 file changed, 6 insertions(+), 2 deletions(-)
$ git checkout -b big-heading
Switched to a new branch 'big-heading'
$ git add index.html 
$ git add index.html 
$ git checkout master
M       index.html
Switched to branch 'master'
$ git merge big-heading
Already up-to-date.
$ ^C
$ 